520234255 520234255
994017415 994017415
582426169 582426169
2705157845 2705157845
553276057 553276057
25417143 25417143
749983035 749983035
335015519 335015519
1935658903 1935658903
1118654565 1118654565
