14
94
95
118
140
161
164
190
258
259
271
290
427
436
486
