23
53
91
412
450
3240
3477
3590
4983
5234
7004
9319
11397
15895
27934
32696
35159
36038
36198
36711
42631
43465
44629
46736
